                               MODFLOW 6 EXTENDED
                U.S. GEOLOGICAL SURVEY MODULAR HYDROLOGIC MODEL
                     VERSION 6.8.0+8680167.dirty 09/02/2026

   MODFLOW 6 compiled Sep 02 2026 20:02:10 with Intel(R) Fortran Intel(R) 64
  Compiler Classic for applications running on Intel(R) 64, Version 2021.12.0
                             Build 20240222_000000

This software has been approved for release by the U.S. Geological 
Survey (USGS). Although the software has been subjected to rigorous 
review, the USGS reserves the right to update the software as needed 
pursuant to further analysis and review. No warranty, expressed or 
implied, is made by the USGS or the U.S. Government as to the 
functionality of the software and related material nor shall the 
fact of release constitute any such warranty. Furthermore, the 
software is released on condition that neither the USGS nor the U.S. 
Government shall be held liable for any damages resulting from its 
authorized or unauthorized use. Also refer to the USGS Water 
Resources Software User Rights Notice for complete use, copyright, 
and distribution information.


As a work of the United States Government, this USGS product is 
in the public domain within the United States. You can copy, 
modify, distribute, and perform the work, even for commercial 
purposes, all without asking permission. Additionally, USGS 
waives copyright and related rights in the work worldwide 
through CC0 1.0 Universal Public Domain Dedication 
(https://creativecommons.org/publicdomain/zero/1.0/).

The following GNU Lesser General Public License (LGPL) libraries
are used in this USGS product:

    SPARSKIT version 2.0
      ilut, luson, and qsplit 
      (https://www-users.cse.umn.edu/~saad/software/SPARSKIT/)

    RCM - Reverse Cuthill McKee Ordering
      (https://people.math.sc.edu/Burkardt/f_src/rcm/rcm.html)

    BLAS - Basic Linear Algebra Subprograms Level 1
      (https://people.math.sc.edu/Burkardt/f_src/blas1_d/blas1_d.html)

    SPARSEKIT - Sparse Matrix Utility Package
      amux, dperm, dvperm, rperm, and cperm
      (https://people.sc.fsu.edu/~jburkardt/f77_src/sparsekit/sparsekit.html)

The following BSD-3 License libraries are used in this USGS product:

    Modern Fortran DAG Library
      Copyright (c) 2018, Jacob Williams
      All rights reserved.
      (https://github.com/jacobwilliams/daglib)

The following library is used in this USGS product:

    NetCDF, network Common Data Form software library
      Copyright (c) 1993-2014 University Corporation for Atmospheric
      Research/Unidata. Redistribution and use in source and binary
      forms, with or without modification, are permitted provided that
      the conditions in the NetCDF copyright are met
        (https://www.unidata.ucar.edu/software/netcdf/copyright.html)

The following 2-clause BSD License library is used in this
USGS product:

    PETSc, the Portable, Extensible Toolkit for Scientific
    Computation Library
      Copyright (c) 1991-2021, UChicago Argonne, LLC
      and the PETSc Development Team All rights reserved.
      (https://petsc.org/release/)

MODFLOW 6 compiler options: /Isrc\libmf6_external.a.p /Isrc\libmf6core.a.p
/Isrc /I..\src /I..\..\netcdf\netCDF4.9.3-NC4-64\include
/I..\..\netcdf\netcdf-fortran-4.6.2\build\fortran /I..\..\petsc\include
/I..\..\petsc\arch-mswin-c-opt\include /I. "/IC:\Program Files
(x86)\Intel\oneAPI\mpi\latest\env\\..\include" "/IC:\Program Files
(x86)\Intel\oneAPI\mpi\latest\env\\..\include\mpi"
/ID:/a/modflow6/modflow6/modflow6/.pixi/envs/default/Library/include /MT
/nologo /warn:general /warn:truncated_source /stand:f18 /O3 /fpe:0
/heap-arrays:0 /traceback /fpp /Qdiag-disable:7416 /Qdiag-disable:7025
/Qdiag-disable:5268 /Qdiag-disable:10448 /D__WITH_PETSC__ /D__WITH_MPI__
/D__WITH_NETCDF__ /DDLL_NETCDF
/Fdsrc\libmf6core.a.p\Utilities_compilerversion.F90.pdb
/module:src\libmf6core.a.p
/Fosrc/libmf6core.a.p/Utilities_compilerversion.F90.obj /c

System command used to initiate simulation:
D:\teaching\cwemf-2026\CWEMF_advanced_modflow\.pixi\envs\default\Scripts\mf6.exe

MODFLOW was compiled using uniform precision.

Real Variables
  KIND: 8
  TINY (smallest non-zero value):    2.225074-308
  HUGE (largest value):    1.797693+308
  PRECISION: 15
  SIZE IN BITS: 64

Integer Variables
  KIND: 4
  HUGE (largest value): 2147483647
  SIZE IN BITS: 32

Long Integer Variables
  KIND: 8
  HUGE (largest value): 9223372036854775807
  SIZE IN BITS: 64

Logical Variables
  KIND: 4
  SIZE IN BITS: 32
 

 OPENED mfsim.nam
 FILE TYPE:NAM6               UNIT 1001   STATUS:OLD                 
 FORMAT:FORMATTED              ACCESS:SEQUENTIAL          
 ACTION:READ                

 # File generated by Flopy version 3.11.0.dev0 on 06/26/2026 at 12:03:37.

 OPENED sim.tdis
 FILE TYPE:TDIS6              UNIT 1002   STATUS:OLD                 
 FORMAT:FORMATTED              ACCESS:SEQUENTIAL          
 ACTION:READ                

 # File generated by Flopy version 3.11.0.dev0 on 06/26/2026 at 12:03:37.

 OPENED lv_simple.nam
 FILE TYPE:GWF6               UNIT 1003   STATUS:OLD                 
 FORMAT:FORMATTED              ACCESS:SEQUENTIAL          
 ACTION:READ                

 # File generated by Flopy version 3.11.0.dev0 on 06/26/2026 at 12:03:37.

 OPENED lv_simple.dis
 FILE TYPE:DIS6               UNIT 1004   STATUS:OLD                 
 FORMAT:FORMATTED              ACCESS:SEQUENTIAL          
 ACTION:READ                

 # File generated by Flopy version 3.11.0.dev0 on 06/26/2026 at 12:03:37.

 OPENED lv_simple.npf
 FILE TYPE:NPF6               UNIT 1005   STATUS:OLD                 
 FORMAT:FORMATTED              ACCESS:SEQUENTIAL          
 ACTION:READ                

 # File generated by Flopy version 3.11.0.dev0 on 06/26/2026 at 12:03:37.

 OPENED lv_simple.hfb
 FILE TYPE:HFB6               UNIT 1006   STATUS:OLD                 
 FORMAT:FORMATTED              ACCESS:SEQUENTIAL          
 ACTION:READ                

 # File generated by Flopy version 3.11.0.dev0 on 06/26/2026 at 12:03:38.

 OPENED lv_simple.sto
 FILE TYPE:STO6               UNIT 1007   STATUS:OLD                 
 FORMAT:FORMATTED              ACCESS:SEQUENTIAL          
 ACTION:READ                

 # File generated by Flopy version 3.11.0.dev0 on 06/26/2026 at 12:03:37.

 OPENED lv_simple.ic
 FILE TYPE:IC6                UNIT 1008   STATUS:OLD                 
 FORMAT:FORMATTED              ACCESS:SEQUENTIAL          
 ACTION:READ                

 # File generated by Flopy version 3.11.0.dev0 on 06/26/2026 at 12:03:37.

 OPENED lv_simple.oc
 FILE TYPE:OC6                UNIT 1009   STATUS:OLD                 
 FORMAT:FORMATTED              ACCESS:SEQUENTIAL          
 ACTION:READ                

 # File generated by Flopy version 3.11.0.dev0 on 06/26/2026 at 12:03:38.

 OPENED lv_simple.obs
 FILE TYPE:OBS6      UNIT 1010   STATUS:OLD                 
 FORMAT:FORMATTED              ACCESS:SEQUENTIAL          
 ACTION:READ                


 OPENED lv_simple.wel
 FILE TYPE:WEL6               UNIT 1012   STATUS:OLD                 
 FORMAT:FORMATTED              ACCESS:SEQUENTIAL          
 ACTION:READ                

 # File generated by Flopy version 3.11.0.dev0 on 06/26/2026 at 12:03:38.

 OPENED lv_simple.ghb
 FILE TYPE:GHB6               UNIT 1014   STATUS:OLD                 
 FORMAT:FORMATTED              ACCESS:SEQUENTIAL          
 ACTION:READ                

 # File generated by Flopy version 3.11.0.dev0 on 06/26/2026 at 12:03:38.

 OPENED lv_simple.rch
 FILE TYPE:RCH6               UNIT 1016   STATUS:OLD                 
 FORMAT:FORMATTED              ACCESS:SEQUENTIAL          
 ACTION:READ                

 # File generated by Flopy version 3.11.0.dev0 on 06/26/2026 at 12:03:37.

 OPENED lv_simple.evt
 FILE TYPE:EVT6               UNIT 1018   STATUS:OLD                 
 FORMAT:FORMATTED              ACCESS:SEQUENTIAL          
 ACTION:READ                

 # File generated by Flopy version 3.11.0.dev0 on 06/26/2026 at 12:03:37.

 READING SIMULATION OPTIONS
    MAXIMUM NUMBER OF ERRORS THAT WILL BE STORED IS 1000
 END OF SIMULATION OPTIONS

 READING SIMULATION TIMING

 TDIS -- TEMPORAL DISCRETIZATION PACKAGE,
 VERSION 1 : 11/13/2014 - INPUT READ FROM MEMPATH: __INPUT__/SIM/TDIS                                
 PROCESSING TDIS OPTIONS
    SIMULATION TIME UNIT IS DAYS
    SIMULATION STARTING DATE AND TIME IS 1940-12-31T23:59:59           
 END OF TDIS OPTIONS
 PROCESSING TDIS DIMENSIONS
   19 STRESS PERIOD(S) IN SIMULATION
 END OF TDIS DIMENSIONS
 PROCESSING TDIS PERIODDATA


 STRESS PERIOD     LENGTH       TIME STEPS     MULTIPLIER FOR DELT
 ----------------------------------------------------------------------------
        1         365.2500          4                    1.000
        2         365.2500          4                    1.000
        3         365.2500          4                    1.000
        4         365.2500          4                    1.000
        5         365.2500          4                    1.000
        6         365.2500          4                    1.000
        7         365.2500          4                    1.000
        8         365.2500          4                    1.000
        9         365.2500          4                    1.000
       10         365.2500          4                    1.000
       11         365.2500          4                    1.000
       12         365.2500          4                    1.000
       13         365.2500          4                    1.000
       14         365.2500          4                    1.000
       15         365.2500          4                    1.000
       16         365.2500          4                    1.000
       17         365.2500          4                    1.000
       18         365.2500          4                    1.000
       19         365.2500          4                    1.000
 END OF TDIS PERIODDATA
 END OF SIMULATION TIMING

 READING SIMULATION MODELS
    GWF6 model 1 will be created
 END OF SIMULATION MODELS

 READING SIMULATION EXCHANGES
 END OF SIMULATION EXCHANGES

 READING SOLUTIONGROUP

 Creating solution: SLN_1           

 OPENED sim.ims
 FILE TYPE:IMS   UNIT 1020   STATUS:OLD                 
 FORMAT:FORMATTED              ACCESS:SEQUENTIAL          
 ACTION:READ                

 END OF SOLUTIONGROUP

PROCESSING MODEL CONNECTIONS

 IMS -- ITERATIVE MODEL SOLUTION PACKAGE, VERSION 6, 4/28/2017
         INPUT READ FROM UNIT 1020
 # File generated by Flopy version 3.11.0.dev0 on 06/26/2026 at 12:03:37.

 PROCESSING IMS OPTIONS
 MODERATE OPTION:
 DEFAULT SOLVER INPUT VALUES REFLECT MODERATELY NONLINEAR MODEL
 END OF IMS OPTIONS
 **UNDER-RELAXATION WILL BE USED***
 
 ***IMS LINEAR SOLVER WILL BE USED***

 IMSLINEAR -- UNSTRUCTURED LINEAR SOLUTION PACKAGE, VERSION 8, 04/28/2017
 An asymmetric matrix will be solved

 OUTER ITERATION CONVERGENCE CRITERION    (DVCLOSE) =    0.100000E-01
 MAXIMUM NUMBER OF OUTER ITERATIONS        (MXITER) = 50
 SOLVER PRINTOUT INDEX                     (IPRIMS) = 0
 NONLINEAR ITERATION METHOD            (NONLINMETH) = 3
 LINEAR SOLUTION METHOD                   (LINMETH) = 1
 UNDER-RELAXATION WEIGHT REDUCTION FACTOR   (THETA) =    0.900000E+00
 UNDER-RELAXATION WEIGHT INCREASE INCREMENT (KAPPA) =    0.100000E-03
 UNDER-RELAXATION PREVIOUS HISTORY FACTOR   (GAMMA) =    0.000000E+00
 UNDER-RELAXATION MOMENTUM TERM         (AMOMENTUM) =    0.000000E+00

       SOLUTION BY THE BICONJUGATE-GRADIENT STABILIZED METHOD
 ------------------------------------------------------------------
 MAXIMUM OF 50 CALLS OF SOLUTION ROUTINE
 MAXIMUM OF 100 INTERNAL ITERATIONS PER CALL TO SOLUTION ROUTINE
 LINEAR ACCELERATION METHOD            = BCGS      
 MATRIX PRECONDITIONING TYPE           = MOD. INCOMPLETE LU  
 MATRIX SCALING APPROACH               = NO SCALING          
 MATRIX REORDERING APPROACH            = ORIGINAL ORDERING        
 NUMBER OF ORTHOGONALIZATIONS          = 0
 HEAD CHANGE CRITERION FOR CLOSURE     =    0.10000E-01
 RESIDUAL CHANGE CRITERION FOR CLOSURE =    0.10000E+00
 RESIDUAL CONVERGENCE OPTION           = 0
 RESIDUAL CONVERGENCE NORM             = INFINITY NORM   
 RELAXATION FACTOR                     =    0.97000E+00



 
    Solving:  Stress period:     1    Time step:     1
 
1
 STRESS PERIOD NO. 1, LENGTH =   365.2500    
 ------------------------------------------
 NUMBER OF TIME STEPS = 4
 MULTIPLIER FOR DELT =     1.000
 INITIAL TIME STEP SIZE =   91.31250    
 
    Solving:  Stress period:     1    Time step:     2
 
 
    Solving:  Stress period:     1    Time step:     3
 
 
    Solving:  Stress period:     1    Time step:     4
 
 
    Solving:  Stress period:     2    Time step:     1
 
1
 STRESS PERIOD NO. 2, LENGTH =   365.2500    
 ------------------------------------------
 NUMBER OF TIME STEPS = 4
 MULTIPLIER FOR DELT =     1.000
 INITIAL TIME STEP SIZE =   91.31250    
 
    Solving:  Stress period:     2    Time step:     2
 
 
    Solving:  Stress period:     2    Time step:     3
 
 
    Solving:  Stress period:     2    Time step:     4
 
 
    Solving:  Stress period:     3    Time step:     1
 
1
 STRESS PERIOD NO. 3, LENGTH =   365.2500    
 ------------------------------------------
 NUMBER OF TIME STEPS = 4
 MULTIPLIER FOR DELT =     1.000
 INITIAL TIME STEP SIZE =   91.31250    
 
    Solving:  Stress period:     3    Time step:     2
 
 
    Solving:  Stress period:     3    Time step:     3
 
 
    Solving:  Stress period:     3    Time step:     4
 
 
    Solving:  Stress period:     4    Time step:     1
 
1
 STRESS PERIOD NO. 4, LENGTH =   365.2500    
 ------------------------------------------
 NUMBER OF TIME STEPS = 4
 MULTIPLIER FOR DELT =     1.000
 INITIAL TIME STEP SIZE =   91.31250    
 
    Solving:  Stress period:     4    Time step:     2
 
 
    Solving:  Stress period:     4    Time step:     3
 
 
    Solving:  Stress period:     4    Time step:     4
 
 
    Solving:  Stress period:     5    Time step:     1
 
1
 STRESS PERIOD NO. 5, LENGTH =   365.2500    
 ------------------------------------------
 NUMBER OF TIME STEPS = 4
 MULTIPLIER FOR DELT =     1.000
 INITIAL TIME STEP SIZE =   91.31250    
 
    Solving:  Stress period:     5    Time step:     2
 
 
    Solving:  Stress period:     5    Time step:     3
 
 
    Solving:  Stress period:     5    Time step:     4
 
 
    Solving:  Stress period:     6    Time step:     1
 
1
 STRESS PERIOD NO. 6, LENGTH =   365.2500    
 ------------------------------------------
 NUMBER OF TIME STEPS = 4
 MULTIPLIER FOR DELT =     1.000
 INITIAL TIME STEP SIZE =   91.31250    
 
    Solving:  Stress period:     6    Time step:     2
 
 
    Solving:  Stress period:     6    Time step:     3
 
 
    Solving:  Stress period:     6    Time step:     4
 
 
    Solving:  Stress period:     7    Time step:     1
 
1
 STRESS PERIOD NO. 7, LENGTH =   365.2500    
 ------------------------------------------
 NUMBER OF TIME STEPS = 4
 MULTIPLIER FOR DELT =     1.000
 INITIAL TIME STEP SIZE =   91.31250    
 
    Solving:  Stress period:     7    Time step:     2
 
 
    Solving:  Stress period:     7    Time step:     3
 
 
    Solving:  Stress period:     7    Time step:     4
 
 
    Solving:  Stress period:     8    Time step:     1
 
1
 STRESS PERIOD NO. 8, LENGTH =   365.2500    
 ------------------------------------------
 NUMBER OF TIME STEPS = 4
 MULTIPLIER FOR DELT =     1.000
 INITIAL TIME STEP SIZE =   91.31250    
 
    Solving:  Stress period:     8    Time step:     2
 
 
    Solving:  Stress period:     8    Time step:     3
 
 
    Solving:  Stress period:     8    Time step:     4
 
 
    Solving:  Stress period:     9    Time step:     1
 
1
 STRESS PERIOD NO. 9, LENGTH =   365.2500    
 ------------------------------------------
 NUMBER OF TIME STEPS = 4
 MULTIPLIER FOR DELT =     1.000
 INITIAL TIME STEP SIZE =   91.31250    
 
    Solving:  Stress period:     9    Time step:     2
 
 
    Solving:  Stress period:     9    Time step:     3
 
 
    Solving:  Stress period:     9    Time step:     4
 
 
    Solving:  Stress period:    10    Time step:     1
 
1
 STRESS PERIOD NO. 10, LENGTH =   365.2500    
 ------------------------------------------
 NUMBER OF TIME STEPS = 4
 MULTIPLIER FOR DELT =     1.000
 INITIAL TIME STEP SIZE =   91.31250    
 
    Solving:  Stress period:    10    Time step:     2
 
 
    Solving:  Stress period:    10    Time step:     3
 
 
    Solving:  Stress period:    10    Time step:     4
 
 
    Solving:  Stress period:    11    Time step:     1
 
1
 STRESS PERIOD NO. 11, LENGTH =   365.2500    
 ------------------------------------------
 NUMBER OF TIME STEPS = 4
 MULTIPLIER FOR DELT =     1.000
 INITIAL TIME STEP SIZE =   91.31250    
 
    Solving:  Stress period:    11    Time step:     2
 
 
    Solving:  Stress period:    11    Time step:     3
 
 
    Solving:  Stress period:    11    Time step:     4
 
 
    Solving:  Stress period:    12    Time step:     1
 
1
 STRESS PERIOD NO. 12, LENGTH =   365.2500    
 ------------------------------------------
 NUMBER OF TIME STEPS = 4
 MULTIPLIER FOR DELT =     1.000
 INITIAL TIME STEP SIZE =   91.31250    
 
    Solving:  Stress period:    12    Time step:     2
 
 
    Solving:  Stress period:    12    Time step:     3
 
 
    Solving:  Stress period:    12    Time step:     4
 
 
    Solving:  Stress period:    13    Time step:     1
 
1
 STRESS PERIOD NO. 13, LENGTH =   365.2500    
 ------------------------------------------
 NUMBER OF TIME STEPS = 4
 MULTIPLIER FOR DELT =     1.000
 INITIAL TIME STEP SIZE =   91.31250    
 
    Solving:  Stress period:    13    Time step:     2
 
 
    Solving:  Stress period:    13    Time step:     3
 
 
    Solving:  Stress period:    13    Time step:     4
 
 
    Solving:  Stress period:    14    Time step:     1
 
1
 STRESS PERIOD NO. 14, LENGTH =   365.2500    
 ------------------------------------------
 NUMBER OF TIME STEPS = 4
 MULTIPLIER FOR DELT =     1.000
 INITIAL TIME STEP SIZE =   91.31250    
 
    Solving:  Stress period:    14    Time step:     2
 
 
    Solving:  Stress period:    14    Time step:     3
 
 
    Solving:  Stress period:    14    Time step:     4
 
 
    Solving:  Stress period:    15    Time step:     1
 
1
 STRESS PERIOD NO. 15, LENGTH =   365.2500    
 ------------------------------------------
 NUMBER OF TIME STEPS = 4
 MULTIPLIER FOR DELT =     1.000
 INITIAL TIME STEP SIZE =   91.31250    
 
    Solving:  Stress period:    15    Time step:     2
 
 
    Solving:  Stress period:    15    Time step:     3
 
 
    Solving:  Stress period:    15    Time step:     4
 
 
    Solving:  Stress period:    16    Time step:     1
 
1
 STRESS PERIOD NO. 16, LENGTH =   365.2500    
 ------------------------------------------
 NUMBER OF TIME STEPS = 4
 MULTIPLIER FOR DELT =     1.000
 INITIAL TIME STEP SIZE =   91.31250    
 
    Solving:  Stress period:    16    Time step:     2
 
 
    Solving:  Stress period:    16    Time step:     3
 
 
    Solving:  Stress period:    16    Time step:     4
 
 
    Solving:  Stress period:    17    Time step:     1
 
1
 STRESS PERIOD NO. 17, LENGTH =   365.2500    
 ------------------------------------------
 NUMBER OF TIME STEPS = 4
 MULTIPLIER FOR DELT =     1.000
 INITIAL TIME STEP SIZE =   91.31250    
 
    Solving:  Stress period:    17    Time step:     2
 
 
    Solving:  Stress period:    17    Time step:     3
 
 
    Solving:  Stress period:    17    Time step:     4
 
 
    Solving:  Stress period:    18    Time step:     1
 
1
 STRESS PERIOD NO. 18, LENGTH =   365.2500    
 ------------------------------------------
 NUMBER OF TIME STEPS = 4
 MULTIPLIER FOR DELT =     1.000
 INITIAL TIME STEP SIZE =   91.31250    
 
    Solving:  Stress period:    18    Time step:     2
 
 
    Solving:  Stress period:    18    Time step:     3
 
 
    Solving:  Stress period:    18    Time step:     4
 
 
    Solving:  Stress period:    19    Time step:     1
 
1
 STRESS PERIOD NO. 19, LENGTH =   365.2500    
 ------------------------------------------
 NUMBER OF TIME STEPS = 4
 MULTIPLIER FOR DELT =     1.000
 INITIAL TIME STEP SIZE =   91.31250    
 
    Solving:  Stress period:    19    Time step:     2
 
 
    Solving:  Stress period:    19    Time step:     3
 
 
    Solving:  Stress period:    19    Time step:     4
 

 MEMORY MANAGER TOTAL STORAGE BY DATA TYPE, IN MEGABYTES
 -------------------------------
                    ALLOCATED   
 DATA TYPE           MEMORY     
 -------------------------------
 Character        8.41500000E-03
 Logical          4.80000000E-05
 Integer          0.45792000    
 Real             1.0296240     
 -------------------------------
 Total            1.4960070     
 Virtual          0.0000000     
 -------------------------------


 
 Run end date and time (yyyy/mm/dd hh:mm:ss): 2026/09/14 11:08:02
 Elapsed run time:  0.416 Seconds
 Normal termination of simulation.
